[iogame.online/pare-de-deixar-seu-dinheiro-murchar-na-poupanca/indexf586.html]
[backblue.gif]
[fade.gif]
[index.html]
[iogame.online/wp-content/plugins/contact-form-7/includes/css/styles6fb3.css]
[iogame.online/wp-content/plugins/cookie-notice/css/front.min337d.css]
[iogame.online/pare-de-deixar-seu-dinheiro-murchar-na-poupanca/index.html]
[iogame.online/wp-content/plugins/hostinger-reach/frontend/dist/blocks/subscription69da.css]
[iogame.online/wp-content/themes/blog_coudex/src/output8a54.css]
[iogame.online/wp-content/plugins/elementor/assets/css/frontend.minc6c8.css]
[iogame.online/wp-content/uploads/elementor/css/post-3397439.css]
[iogame.online/wp-content/plugins/elementor/assets/css/widget-heading.minc6c8.css]
[iogame.online/wp-content/uploads/elementor/css/post-5447439.css]
[iogame.online/wp-content/uploads/elementor/google-fonts/css/robotoa931.css]
[iogame.online/wp-content/uploads/elementor/google-fonts/css/robotoslabd6dc.css]
[iogame.online/wp-includes/js/jquery/jquery.minf43b.js]
[iogame.online/wp-includes/js/jquery/jquery-migrate.min5589.js]
[iogame.online/wp-content/plugins/burst-statistics/helpers/timeme/timeme.minbd1b.js]
[iogame.online/wp-content/plugins/burst-statistics/assets/js/build/burst.minbd1b.js]
[iogame.online/wp-content/plugins/cfmonitor/js/check_minb38f.js]
[iogame.online/wp-content/plugins/cookie-notice/js/front.min337d.js]
[jsc.adskeeper.com/site/1064220.js]
[iogame.online/wp-content/uploads/2024/12/cropped-iogame-removebg-preview-32x32.png]
[iogame.online/wp-content/uploads/2024/12/cropped-iogame-removebg-preview-192x192.png]
[iogame.online/wp-content/uploads/2024/12/cropped-iogame-removebg-preview-180x180.png]
[pagead2.googlesyndication.com/pagead/js/fab3a.txt]
[iogame.online/wp-content/uploads/2025/06/85EtGswlX2XnOlehIubBJt5gM7I5E0PsgdDCGqUC-334x188.png]
[iogame.online/wp-includes/js/dist/hooks.min4fdd.js]
[iogame.online/wp-includes/js/dist/i18n.minc33c.js]
[iogame.online/wp-content/plugins/contact-form-7/includes/swv/js/index6fb3.js]
[iogame.online/wp-content/plugins/contact-form-7/includes/js/index6fb3.js]
[iogame.online/wp-content/plugins/hostinger-reach/frontend/dist/blocks/subscription-view69da.js]
[iogame.online/wp-content/themes/blog_coudex/src/js/navigation8a54.js]
[iogame.online/wp-content/plugins/elementor/assets/js/webpack.runtime.minc6c8.js]
[iogame.online/wp-content/plugins/elementor/assets/js/frontend-modules.minc6c8.js]
[iogame.online/wp-includes/js/jquery/ui/core.minb37e.js]
[iogame.online/wp-content/plugins/elementor/assets/js/frontend.minc6c8.js]
[iogame.online/pare-de-deixar-seu-dinheiro-murchar-na-poupanca/indexf586.html]
[iogame.online/pare-de-deixar-seu-dinheiro-murchar-na-poupanca/index.html]
[iogame.online/wp-content/plugins/contact-form-7/includes/css/styles6fb3.css]
[iogame.online/wp-content/plugins/cookie-notice/css/front.min337d.css]
[iogame.online/wp-content/plugins/hostinger-reach/frontend/dist/blocks/subscription69da.css]
[iogame.online/wp-content/themes/blog_coudex/src/output8a54.css]
[iogame.online/wp-content/plugins/elementor/assets/css/frontend.minc6c8.css]
[iogame.online/wp-content/uploads/elementor/css/post-3397439.css]
[iogame.online/wp-content/plugins/elementor/assets/css/widget-heading.minc6c8.css]
[iogame.online/wp-content/plugins/elementor/assets/css/widget-image.minc6c8.css]
[iogame.online/wp-content/uploads/elementor/css/post-5447439.css]
[iogame.online/wp-content/uploads/elementor/google-fonts/css/robotoa931.css]
[iogame.online/wp-content/uploads/elementor/google-fonts/css/robotoslabd6dc.css]
[iogame.online/wp-includes/js/jquery/jquery.minf43b.js]
[iogame.online/wp-includes/js/jquery/jquery-migrate.min5589.js]
[iogame.online/wp-content/plugins/cfmonitor/js/checkclicksb38f.js]
[iogame.online/wp-content/plugins/cfmonitor/js/updateclicksb38f.js]
[iogame.online/wp-content/plugins/burst-statistics/helpers/timeme/timeme.minbd1b.js]
[iogame.online/wp-content/plugins/burst-statistics/assets/js/build/burst.minbd1b.js]
[iogame.online/wp-content/plugins/cfmonitor/js/check_minb38f.js]
[iogame.online/pare-de-deixar-seu-dinheiro-murchar-na-poupanca/e]
[iogame.online/wp-content/plugins/cookie-notice/js/front.min337d.js]
[iogame.online/wp-includes/js/dist/hooks.min4fdd.js]
[iogame.online/wp-includes/js/dist/i18n.minc33c.js]
[iogame.online/wp-content/plugins/contact-form-7/includes/swv/js/index6fb3.js]
[iogame.online/wp-content/plugins/contact-form-7/includes/js/index6fb3.js]
[iogame.online/wp-content/plugins/hostinger-reach/frontend/dist/blocks/subscription-view69da.js]
[iogame.online/wp-content/themes/blog_coudex/src/js/navigation8a54.js]
[iogame.online/wp-content/plugins/elementor/assets/js/webpack.runtime.minc6c8.js]
[iogame.online/pare-de-deixar-seu-dinheiro-murchar-na-poupanca/n,window.location.origin]
[iogame.online/pare-de-deixar-seu-dinheiro-murchar-na-poupanca/t,window.location.origin]
[iogame.online/pare-de-deixar-seu-dinheiro-murchar-na-poupanca/plugins.php]
[iogame.online/wp-content/plugins/elementor/assets/js/frontend-modules.minc6c8.js]
[iogame.online/wp-includes/js/jquery/ui/core.minb37e.js]
[iogame.online/wp-content/plugins/elementor/assets/js/frontend.minc6c8.js]
[iogame.online/pare-de-deixar-seu-dinheiro-murchar-na-poupanca/e.html]
[iogame.online/pare-de-deixar-seu-dinheiro-murchar-na-poupanca/n,window.location.html]
[iogame.online/pare-de-deixar-seu-dinheiro-murchar-na-poupanca/t,window.location.html]
[iogame.online/pare-de-deixar-seu-dinheiro-murchar-na-poupanca/plugins.html]
[iogame.online/pare-de-deixar-seu-dinheiro-murchar-na-poupanca/OPR/index.html]
[iogame.online/pare-de-deixar-seu-dinheiro-murchar-na-poupanca/OPR/index.html]
